              ____        ___    ___  _________    __    __  __  __  ____________ 
            /  __  \     |   \  /   ||   ____  \  |  |  /  /|  ||  ||____    ____|
           /  /  \  \    |    \/    ||  |    \  \ |  | /  / |  ||  |     |  |     
          /  /____\  \   |  |\  /|  ||  |     |  ||  |/  /  |  ||  |     |  |     
         /  ________  \  |  | \/ |  ||  |     |  ||  |\  \  |  ||  |     |  |     
        /  /        \  \ |  |    |  ||  |____/  / |  | \  \ |  ||  |     |  |     
       /__/          \__\|__|    |__||_________/  |__|  \__\|__||__|     |__|     

~~~~~~~~~~~~~~~~~~~~~~~~~~~~~~~~~~~~~~~~~~~~~~~~~~~~~~~~~~~~~~~~~~~~~~~~~~~~~~~~~~~~~~~~~~~~~
     A Plane Wave DFT Program for Ab Initio Dynamics at Higher Rungs of DFT Functionals     
~~~~~~~~~~~~~~~~~~~~~~~~~~~~~~~~~~~~~~~~~~~~~~~~~~~~~~~~~~~~~~~~~~~~~~~~~~~~~~~~~~~~~~~~~~~~~

                                   **  VERSION :1.0.0  **

                          Binary Build date :07-10-2023 06:42:21                                       
*********************************************************************************************
                      Program started at : 07-10-2023, TIME : 06:53:43
*********************************************************************************************
Number of MPI processes =         48
*********************************************************************************************
                                        INPUT DETAILS                                        
*********************************************************************************************
TASK: WAVEFUNCTION_OPTIMIZATION                                                                     
SYMMETRY: CUBIC                                                                                     
CELL:                                                                                               
  UNIT: ANGSTROM                                                                                    
  DIMENSION:                                                                                        
    - 9.85                                                                                          
    - 9.85                                                                                          
    - 9.85                                                                                          
  ANGLE:                                                                                            
    - 90                                                                                            
    - 90                                                                                            
    - 90                                                                                            
INPUT:                                                                                              
  COORDINATES_FILE: input_coordinate.xyz                                                            
  UNIT: ANGSTROM                                                                                    
SPECIES:                                                                                            
  LABEL1:                                                                                           
    ATOM: O                                                                                         
    PP_FILE: O_MT_LDA.psp                                                                           
    PP_SCHEME: KLEINMAN-BYLANDER                                                                    
    LMAX: P                                                                                         
  LABEL2:                                                                                           
    ATOM: H                                                                                         
    PP_FILE: H_MT_LDA.psp                                                                           
    LMAX: S                                                                                         
DFT:                                                                                                
   XC: XC_LDA_XC_TETER93                                                                            
*********************************************************************************************
  does not contain key "INITIALIZATION".
  does not contain key "OPTIMIZATION".
  does not contain key "CUTOFF".
  does not contain key "OUTPUT".
                                   SIMULATION PARAMETERS                           
*********************************************************************************************
             Wavefunction Cutoff (Ry) =        80.000000
              Density Cutoff (Ry)     =       320.000000
          Exchange Corelation funational
                             Exchange : NONE                
                           Corelation : NONE                
                  Exchange-Corelation : XC_LDA_XC_TETER93   
*********************************************************************************************
                                          SUPERCELL                                          
*********************************************************************************************
Lattice Type = CUBIC                         
Lattice Constant (Bohr) =        18.613802
Cell Volume (Bohr^3)    =      6449.191794
Reciprocal Lattice Vector (2pi Bohr^-1)
B1 =        0.053724        0.000000        0.000000
B2 =        0.000000        0.053724        0.000000
B3 =        0.000000        0.000000        0.053724
*********************************************************************************************
                                          SPECIES                                          
*********************************************************************************************
 TYPE           X               Y              Z     (ANGS)     PSEUDOPOTENTIAL
---------------------------------------------------------------------------------------------
   O        2.0555348       3.8799592       0.9933149O_MT_LDA.psp                     
   O        0.4566865       3.7249200      -3.9397167O_MT_LDA.psp                     
   H        0.1720582       5.4905132      -4.4420954H_MT_LDA.psp                     
   H        1.9244009       3.1847199      -4.9419875H_MT_LDA.psp                     
   H        1.3867809       3.7493253      -0.7705840H_MT_LDA.psp                     
   H        0.8785959       2.8538138       1.9914331H_MT_LDA.psp                     
*********************************************************************************************

         #Plane waves                                 Local  Dimensions
CPU-ID  PW-CUT DEN-CUT  #X-GRIDS  #Y-GRIDS  #Z-GRIDS   #RAYS(PW)  #RAYS(DEN) #GRIDS(G-SPACE)
     1     815    6499         2       108       108          46         182           35643
     2     815    6495         2       108       108          46         182           35643
     3     815    6497         3       108       108          46         182           35643
     4     815    6493         2       108       108          46         182           35643
     5     815    6495         2       108       108          46         182           35643
     6     815    6493         2       108       108          46         182           35643
     7     817    6487         3       108       108          46         182           35643
     8     817    6489         2       108       108          46         182           35643
     9     815    6487         2       108       108          46         182           35643
    10     815    6487         2       108       108          46         182           35643
    11     815    6491         3       108       108          46         182           35643
    12     813    6487         2       108       108          46         182           35643
    13     815    6491         2       108       108          46         182           35643
    14     817    6493         2       108       108          46         182           35643
    15     817    6489         3       108       108          46         182           35643
    16     815    6493         2       108       108          46         182           35643
    17     815    6493         2       108       108          46         182           35643
    18     815    6498         2       108       108          46         184           35643
    19     815    6496         3       108       108          46         184           35643
    20     815    6492         2       108       108          46         184           35643
    21     817    6492         2       108       108          46         184           35643
    22     819    6496         2       108       108          46         184           35643
    23     819    6492         3       108       108          46         184           35643
    24     819    6494         2       108       108          46         184           35643
    25     817    6490         2       108       108          46         184           35643
    26     817    6488         2       108       108          46         184           35643
    27     817    6492         3       108       108          46         184           35643
    28     817    6490         2       108       108          46         184           35643
    29     817    6486         2       108       108          46         184           35643
    30     817    6488         2       108       108          46         184           35643
    31     811    6488         3       108       108          46         184           35643
    32     811    6492         2       108       108          46         184           35643
    33     811    6494         2       108       108          46         184           35643
    34     811    6494         2       108       108          46         184           35643
    35     813    6492         3       108       108          46         184           35643
    36     813    6494         2       108       108          46         184           35643
    37     813    6496         2       108       108          46         184           35643
    38     811    6496         2       108       108          46         184           35643
    39     811    6498         3       108       108          46         184           35643
    40     811    6490         2       108       108          46         184           35643
    41     811    6490         2       108       108          46         184           35643
    42     811    6494         2       108       108          46         184           35643
    43     811    6450         3       108       108          45         183           35643
    44     814    6488         2       108       108          48         184           35643
    45     814    6484         2       108       108          48         184           35643
    46     814    6492         2       108       108          48         184           35643
    47     814    6492         3       108       108          48         184           35643
    48     816    6486         2       108       108          48         184           35643

    Total Number of Valence Electrons =    16
      Total Number of Valence Orbital =     8
                           Occupation = 
  2.0  2.0  2.0  2.0  2.0  2.0  2.0  2.0
                                   OPTIMIZATION DETAILS                           
*********************************************************************************************
Wavefunction Optimization
---------------------------------------------------------------------------------------------
          Minimizer : CONJUGATE_GRADIENT  
          Max Steps :                800
    Gradiant Cutoff :       0.100000E-06
      Energy Cutoff :       0.000000E+00
                            Wavefunction Optimization Starts                            
*********************************************************************************************
 ITER          KS ENERGY            ENERGY CHANGE            MAX. GRAIDENT     CPU TIME (ms)
*********************************************************************************************
#   1         -33.443781             33.443781                0.461275E-01             410.6
#   2         -33.536289              0.092507                0.430679E-01             244.7
#   3         -33.656727              0.120438                0.383631E-01             181.6
#   4         -33.766448              0.109722                0.337656E-01             265.5
#   5         -33.855226              0.088777                0.304102E-01             208.2
#   6         -33.924784              0.069558                0.272707E-01             261.1
#   7         -33.979299              0.054515                0.244255E-01             289.9
#   8         -34.022453              0.043155                0.227828E-01             380.2
#   9         -34.056986              0.034533                0.219928E-01             244.6
#  10         -34.084862              0.027876                0.210747E-01             178.0
#  11         -34.107507              0.022645                0.200749E-01             168.7
#  12         -34.130554              0.023047                0.187713E-01             154.5
#  13         -34.150568              0.020013                0.173058E-01             188.8
#  14         -34.166565              0.015998                0.157844E-01             158.5
#  15         -34.178840              0.012274                0.142748E-01             151.4
#  16         -34.188075              0.009235                0.128182E-01             144.0
#  17         -34.194956              0.006881                0.114405E-01             143.3
#  18         -34.200056              0.005099                0.101586E-01             201.9
#  19         -34.203821              0.003765                0.898268E-02             187.3
#  20         -34.206596              0.002775                0.791731E-02             191.8
#  21         -34.208640              0.002044                0.696203E-02             237.6
#  22         -34.210193              0.001553                0.608425E-02             190.8
#  23         -34.211351              0.001158                0.529557E-02             153.1
#  24         -34.212207              0.000856                0.459653E-02             141.0
#  25         -34.212840              0.000633                0.398161E-02             125.3
#  26         -34.213309              0.000470                0.344260E-02             169.2
#  27         -34.213661              0.000352                0.297043E-02             177.2
#  28         -34.213927              0.000266                0.255638E-02             200.1
#  29         -34.214131              0.000204                0.219261E-02             207.1
#  30         -34.214288              0.000157                0.187248E-02             194.3
#  31         -34.214411              0.000123                0.159063E-02             195.2
#  32         -34.214507              0.000096                0.134286E-02             142.2
#  33         -34.214583              0.000076                0.112592E-02             175.5
#  34         -34.214643              0.000060                0.937194E-03             234.6
#  35         -34.214690              0.000047                0.774413E-03             178.3
#  36         -34.214726              0.000037                0.635448E-03             211.7
#  37         -34.214755              0.000028                0.518166E-03             160.9
#  38         -34.214777              0.000022                0.420383E-03             188.8
#  39         -34.214793              0.000017                0.339879E-03             235.6
#  40         -34.214806              0.000013                0.274444E-03             151.1
#  41         -34.214815              0.000010                0.221921E-03             243.6
#  42         -34.214823              0.000007                0.180261E-03             206.8
#  43         -34.214828              0.000005                0.147563E-03             244.7
#  44         -34.214832              0.000004                0.122115E-03             172.1
#  45         -34.214835              0.000003                0.102423E-03             168.4
#  46         -34.214837              0.000002                0.872179E-04             198.3
#  47         -34.214838              0.000002                0.754573E-04             221.7
#  48         -34.214839              0.000001                0.663055E-04             181.2
#  49         -34.214840              0.000001                0.591046E-04             187.9
#  50         -34.214841              0.000001                0.533486E-04             212.5
#  51         -34.214841              0.000000                0.486518E-04             145.1
#  52         -34.214842              0.000000                0.447234E-04             143.6
#  53         -34.214842              0.000000                0.413471E-04             176.1
#  54         -34.214842              0.000000                0.383656E-04             202.9
#  55         -34.214842              0.000000                0.356656E-04             177.5
#  56         -34.214842              0.000000                0.331673E-04             206.6
#  57         -34.214843              0.000000                0.308160E-04             236.7
#  58         -34.214843              0.000000                0.285783E-04             250.0
#  59         -34.214843              0.000000                0.264327E-04             201.2
#  60         -34.214843              0.000000                0.243690E-04             163.3
#  61         -34.214843              0.000000                0.223841E-04             179.9
#  62         -34.214843              0.000000                0.204786E-04             221.5
#  63         -34.214843              0.000000                0.186558E-04             172.6
#  64         -34.214843              0.000000                0.169209E-04             175.0
#  65         -34.214843              0.000000                0.152792E-04             170.0
#  66         -34.214843              0.000000                0.137343E-04             229.9
#  67         -34.214843              0.000000                0.122900E-04             166.2
#  68         -34.214843              0.000000                0.109489E-04             254.1
#  69         -34.214843              0.000000                0.971191E-05             162.4
#  70         -34.214843              0.000000                0.857840E-05             138.3
#  71         -34.214843              0.000000                0.754584E-05             170.5
#  72         -34.214843              0.000000                0.661136E-05             153.5
#  73         -34.214843              0.000000                0.577124E-05             276.2
#  74         -34.214843              0.000000                0.502000E-05             115.4
#  75         -34.214843              0.000000                0.435231E-05             244.6
#  76         -34.214843              0.000000                0.376363E-05             281.5
#  77         -34.214843              0.000000                0.324656E-05             177.6
#  78         -34.214843              0.000000                0.279581E-05             231.3
#  79         -34.214843              0.000000                0.240486E-05             129.9
#  80         -34.214843              0.000000                0.206715E-05             199.5
#  81         -34.214843              0.000000                0.177709E-05             257.1
#  82         -34.214843              0.000000                0.152916E-05             189.8
#  83         -34.214843              0.000000                0.131735E-05             133.6
#  84         -34.214843              0.000000                0.113739E-05             249.2
#  85         -34.214843              0.000000                0.984741E-06             358.4
#  86         -34.214843              0.000000                0.855612E-06             143.1
#  87         -34.214843              0.000000                0.746177E-06             276.0
#  88         -34.214843              0.000000                0.653645E-06             157.8
#  89         -34.214843              0.000000                0.574559E-06             191.2
#  90         -34.214843              0.000000                0.507097E-06             185.2
#  91         -34.214843              0.000000                0.449609E-06             151.3
#  92         -34.214843              0.000000                0.400411E-06             190.7
#  93         -34.214843              0.000000                0.357893E-06             253.0
#  94         -34.214843              0.000000                0.321037E-06             300.7
#  95         -34.214843              0.000000                0.288718E-06             175.4
#  96         -34.214843              0.000000                0.260278E-06             123.0
#  97         -34.214843              0.000000                0.235060E-06             174.7
#  98         -34.214843              0.000000                0.213220E-06             185.5
#  99         -34.214843              0.000000                0.193139E-06             198.7
# 100         -34.214843              0.000000                0.174996E-06             173.9
# 101         -34.214843              0.000000                0.158518E-06             168.8
# 102         -34.214843              0.000000                0.143389E-06             240.5
# 103         -34.214843              0.000000                0.129543E-06             192.7
# 104         -34.214843              0.000000                0.117565E-06             209.2
# 105         -34.214843              0.000000                0.105938E-06             155.1
# 106         -34.214843              0.000000                0.954138E-07             164.1
*********************************************************************************************
#                  TOTAL ENERGY =     -34.2148429510 A.U.
#                KINETIC ENERGY =      25.9115755422 A.U.
#          ELECTROSTATIC ENERGY =     -22.9339121703 A.U.
#      SELF ENERGY CONTRIBUTION =      25.2663444254 A.U.
#   OVERLAP ENERGY CONTRIBUTION =       1.5681418147 A.U.
#               LOCAL PP ENERGY =     -32.1436168443 A.U.
#           NON LOCAL PP ENERGY =       3.1422536463 A.U.
#   EXCHANGE CORRELATION ENERGY =      -8.1911431250 A.U.
*********************************************************************************************
 Program ended at 07-10-2023, Time : 06:54:08
 Elapsed Time =   0.40372406666666666      min
