              ____        ___    ___  _________    __    __  __  __  ____________ 
            /  __  \     |   \  /   ||   ____  \  |  |  /  /|  ||  ||____    ____|
           /  /  \  \    |    \/    ||  |    \  \ |  | /  / |  ||  |     |  |     
          /  /____\  \   |  |\  /|  ||  |     |  ||  |/  /  |  ||  |     |  |     
         /  ________  \  |  | \/ |  ||  |     |  ||  |\  \  |  ||  |     |  |     
        /  /        \  \ |  |    |  ||  |____/  / |  | \  \ |  ||  |     |  |     
       /__/          \__\|__|    |__||_________/  |__|  \__\|__||__|     |__|     

~~~~~~~~~~~~~~~~~~~~~~~~~~~~~~~~~~~~~~~~~~~~~~~~~~~~~~~~~~~~~~~~~~~~~~~~~~~~~~~~~~~~~~~~~~~~~
     A Plane Wave DFT Program for Ab Initio Dynamics at Higher Rungs of DFT Functionals     
~~~~~~~~~~~~~~~~~~~~~~~~~~~~~~~~~~~~~~~~~~~~~~~~~~~~~~~~~~~~~~~~~~~~~~~~~~~~~~~~~~~~~~~~~~~~~

                                   **  VERSION :1.0.0  **

                          Binary Build date :07-10-2023 11:16:05                                       
*********************************************************************************************
                      Program started at : 07-10-2023, TIME : 18:40:05
*********************************************************************************************
Number of MPI processes =         48
*********************************************************************************************
                                        INPUT DETAILS                                        
*********************************************************************************************
# case sensitive                                                                                    
# specify TASK uisng following keywords only                                                        
# 'WAVEFUNCTION_OPTIMIZATION' OR 'GEOMETRY_OPTIMIZATION'                                            
TASK: WAVEFUNCTION_OPTIMIZATION                                                                     
#  by default parameter                                                                             
WAVEFUNCTION_CUTOFF:                                                                                
    VALUE: 30                                                                                       
    UNIT: RYDBERG                                                                                   
SYMMETRY: FCC                                                                                       
CELL:                                                                                               
  UNIT: ANGSTROM                                                                                    
  DIMENSION:                                                                                        
    - 5.43103                                                                                       
    - 5.43103                                                                                       
    - 5.43103                                                                                       
  ANGLE:                                                                                            
    - 90                                                                                            
    - 90                                                                                            
    - 90                                                                                            
INPUT:                                                                                              
  COORDINATES_FILE: input_coordinate.xyz                                                            
  UNIT: ANGSTROM                                                                                    
SPECIES:                                                                                            
  LABEL1:                                                                                           
    ATOM: A                                                                                         
    PP_FILE: Si_MT_LDA.psp                                                                          
    PP_SCHEME: KLEINMAN-BYLANDER                                                                    
    LMAX: P                                                                                         
DFT:                                                                                                
   XC: XC_LDA_XC_TETER93                                                                            
*********************************************************************************************
  does not contain key "INITIALIZATION".
  does not contain key "OPTIMIZATION".
  does not contain key "CUTOFF".
  does not contain key "OUTPUT".
                                   SIMULATION PARAMETERS                           
*********************************************************************************************
             Wavefunction Cutoff (Ry) =        80.000000
              Density Cutoff (Ry)     =       320.000000
          Exchange Corelation funational
                             Exchange : NONE                
                           Corelation : NONE                
                  Exchange-Corelation : XC_LDA_XC_TETER93   
*********************************************************************************************
                                          SUPERCELL                                          
*********************************************************************************************
Lattice Type = FCC                           
Lattice Constant (Bohr) =        10.263159
Cell Volume (Bohr^3)    =       270.260898
Reciprocal Lattice Vector (2pi Bohr^-1)
B1 =       -0.097436       -0.097436        0.097436
B2 =        0.097436        0.097436        0.097436
B3 =       -0.097436        0.097436       -0.097436
*********************************************************************************************
                                          SPECIES                                          
*********************************************************************************************
 TYPE           X               Y              Z     (ANGS)     PSEUDOPOTENTIAL
---------------------------------------------------------------------------------------------
   Si       0.0000000       0.0000000       0.0000000          Si_MT_LDA.psp                    
   Si      -2.5657885       2.5657885       2.5657885          Si_MT_LDA.psp                    
*********************************************************************************************

         #Plane waves                                 Local  Dimensions
CPU-ID  PW-CUT DEN-CUT  #X-GRIDS  #Y-GRIDS  #Z-GRIDS   #RAYS(PW)  #RAYS(DEN) #GRIDS(G-SPACE)
     1      37     275         1        48        48           6          26            2401
     2      37     274         1        48        48           6          26            2401
     3      37     277         1        48        48           6          26            2401
     4      36     277         1        48        48           6          26            2401
     5      36     271         1        48        48           6          24            2401
     6      36     270         1        48        48           6          24            2401
     7      35     270         1        48        48           6          24            2401
     8      35     256         1        48        48           5          23            2401
     9      35     273         1        48        48           6          24            2401
    10      35     274         1        48        48           6          24            2401
    11      34     272         1        48        48           6          24            2401
    12      34     273         1        48        48           6          24            2401
    13      35     273         1        48        48           6          24            2401
    14      35     273         1        48        48           6          24            2401
    15      35     272         1        48        48           6          24            2401
    16      36     274         1        48        48           6          24            2401
    17      36     274         1        48        48           6          24            2401
    18      36     273         1        48        48           6          24            2401
    19      36     274         1        48        48           6          24            2401
    20      35     274         1        48        48           6          24            2401
    21      35     275         1        48        48           6          24            2401
    22      34     275         1        48        48           6          24            2401
    23      34     274         1        48        48           6          24            2401
    24      34     275         1        48        48           6          24            2401
    25      34     276         1        48        48           6          24            2401
    26      34     276         1        48        48           6          24            2401
    27      34     275         1        48        48           6          24            2401
    28      35     275         1        48        48           6          24            2401
    29      35     273         1        48        48           6          24            2401
    30      35     276         1        48        48           6          24            2401
    31      35     273         1        48        48           6          24            2401
    32      33     272         1        48        48           6          24            2401
    33      33     273         1        48        48           6          24            2401
    34      33     274         1        48        48           6          24            2401
    35      33     273         1        48        48           6          24            2401
    36      33     274         1        48        48           6          24            2401
    37      33     274         1        48        48           6          24            2401
    38      33     273         1        48        48           6          24            2401
    39      33     273         1        48        48           6          24            2401
    40      33     275         1        48        48           6          24            2401
    41      32     274         1        48        48           6          24            2401
    42      32     275         1        48        48           6          24            2401
    43      31     273         1        48        48           6          24            2401
    44      31     272         1        48        48           6          24            2401
    45      33     272         1        48        48           8          24            2401
    46      34     273         1        48        48           8          24            2401
    47      32     271         1        48        48           8          24            2401
    48      32     272         1        48        48           8          24            2401

    Total Number of Valence Electrons =     8
      Total Number of Valence Orbital =     4
                           Occupation = 
  2.0  2.0  2.0  2.0
                                   OPTIMIZATION DETAILS                           
*********************************************************************************************
Wavefunction Optimization
---------------------------------------------------------------------------------------------
          Minimizer : CONJUGATE_GRADIENT  
          Max Steps :                800
    Gradiant Cutoff :       0.100000E-06
      Energy Cutoff :       0.000000E+00
                            Wavefunction Optimization Starts                            
*********************************************************************************************
 ITER          KS ENERGY            ENERGY CHANGE            MAX. GRAIDENT     CPU TIME (ms)
*********************************************************************************************
#   1          -7.134516              7.134516                0.531033E-01               5.7
#   2          -7.142835              0.008320                0.513118E-01               4.3
#   3          -7.154455              0.011619                0.485907E-01               4.1
#   4          -7.166177              0.011722                0.455139E-01               4.0
#   5          -7.176685              0.010508                0.423808E-01               4.0
#   6          -7.185674              0.008989                0.393287E-01               3.9
#   7          -7.193234              0.007560                0.364174E-01               4.0
#   8          -7.199565              0.006331                0.336720E-01               4.0
#   9          -7.204873              0.005308                0.311020E-01               3.9
#  10          -7.209336              0.004463                0.287090E-01               3.9
#  11          -7.213101              0.003765                0.264899E-01               3.9
#  12          -7.217161              0.004060                0.238439E-01               3.9
#  13          -7.220976              0.003815                0.210428E-01               3.9
#  14          -7.224263              0.003287                0.182917E-01               3.9
#  15          -7.226939              0.002676                0.157211E-01               3.9
#  16          -7.229042              0.002103                0.134002E-01               3.9
#  17          -7.230661              0.001618                0.115647E-01               3.9
#  18          -7.231891              0.001230                0.101592E-01               3.9
#  19          -7.232820              0.000929                0.889680E-02               3.9
#  20          -7.233520              0.000700                0.777234E-02               3.9
#  21          -7.234047              0.000527                0.677687E-02               3.9
#  22          -7.234456              0.000409                0.586934E-02               3.9
#  23          -7.234766              0.000311                0.505832E-02               3.9
#  24          -7.234999              0.000232                0.434368E-02               3.9
#  25          -7.235170              0.000172                0.372032E-02               4.0
#  26          -7.235296              0.000126                0.318052E-02               3.9
#  27          -7.235387              0.000091                0.271557E-02               3.9
#  28          -7.235454              0.000066                0.231659E-02               3.9
#  29          -7.235501              0.000048                0.197507E-02               3.9
#  30          -7.235535              0.000034                0.168322E-02               3.9
#  31          -7.235560              0.000024                0.143402E-02               3.9
#  32          -7.235577              0.000018                0.122135E-02               3.9
#  33          -7.235590              0.000012                0.103989E-02               3.9
#  34          -7.235599              0.000009                0.885123E-03               3.9
#  35          -7.235605              0.000006                0.753169E-03               3.9
#  36          -7.235610              0.000005                0.640735E-03               3.9
#  37          -7.235613              0.000003                0.544972E-03               3.9
#  38          -7.235615              0.000002                0.463460E-03               3.9
#  39          -7.235617              0.000002                0.394094E-03               3.9
#  40          -7.235618              0.000001                0.335068E-03               3.9
#  41          -7.235619              0.000001                0.284828E-03               3.9
#  42          -7.235620              0.000001                0.242058E-03               3.9
#  43          -7.235620              0.000000                0.205636E-03               3.9
#  44          -7.235620              0.000000                0.174603E-03               3.9
#  45          -7.235621              0.000000                0.148172E-03               3.9
#  46          -7.235621              0.000000                0.125667E-03               3.9
#  47          -7.235621              0.000000                0.106513E-03               3.9
#  48          -7.235621              0.000000                0.902278E-04               4.0
#  49          -7.235621              0.000000                0.763962E-04               3.9
#  50          -7.235621              0.000000                0.646510E-04               3.9
#  51          -7.235621              0.000000                0.546915E-04               3.9
#  52          -7.235621              0.000000                0.462615E-04               3.9
#  53          -7.235621              0.000000                0.391138E-04               3.9
#  54          -7.235621              0.000000                0.330725E-04               3.9
#  55          -7.235621              0.000000                0.279598E-04               3.9
#  56          -7.235621              0.000000                0.236410E-04               3.9
#  57          -7.235621              0.000000                0.199931E-04               3.9
#  58          -7.235621              0.000000                0.169030E-04               3.9
#  59          -7.235621              0.000000                0.143024E-04               3.9
#  60          -7.235621              0.000000                0.121023E-04               3.9
#  61          -7.235621              0.000000                0.102430E-04               3.9
#  62          -7.235621              0.000000                0.866923E-05               3.9
#  63          -7.235621              0.000000                0.734993E-05               3.9
#  64          -7.235621              0.000000                0.623305E-05               3.9
#  65          -7.235621              0.000000                0.528046E-05               3.9
#  66          -7.235621              0.000000                0.448327E-05               3.9
#  67          -7.235621              0.000000                0.380270E-05               3.9
#  68          -7.235621              0.000000                0.322285E-05               3.9
#  69          -7.235621              0.000000                0.274301E-05               3.9
#  70          -7.235621              0.000000                0.233165E-05               3.9
#  71          -7.235621              0.000000                0.197931E-05               3.9
#  72          -7.235621              0.000000                0.168798E-05               3.9
#  73          -7.235621              0.000000                0.143116E-05               3.9
#  74          -7.235621              0.000000                0.121375E-05               3.9
#  75          -7.235621              0.000000                0.103116E-05               3.9
#  76          -7.235621              0.000000                0.880779E-06               3.9
#  77          -7.235621              0.000000                0.748732E-06               3.9
#  78          -7.235621              0.000000                0.641626E-06               3.9
#  79          -7.235621              0.000000                0.548419E-06               3.9
#  80          -7.235621              0.000000                0.465925E-06               3.9
#  81          -7.235621              0.000000                0.390781E-06               3.9
#  82          -7.235621              0.000000                0.334372E-06               3.9
#  83          -7.235621              0.000000                0.285845E-06               4.7
#  84          -7.235621              0.000000                0.242287E-06               4.0
#  85          -7.235621              0.000000                0.203978E-06               4.0
#  86          -7.235621              0.000000                0.169272E-06               4.0
#  87          -7.235621              0.000000                0.148777E-06               4.0
#  88          -7.235621              0.000000                0.121578E-06               4.0
#  89          -7.235621              0.000000                0.106456E-06               4.0
#  90          -7.235621              0.000000                0.941459E-07               4.0
*********************************************************************************************
#                  TOTAL ENERGY =      -7.2356213079 A.U.
#                KINETIC ENERGY =       4.0352386628 A.U.
#          ELECTROSTATIC ENERGY =      -8.9120920171 A.U.
#      SELF ENERGY CONTRIBUTION =      10.6384608107 A.U.
#   OVERLAP ENERGY CONTRIBUTION =       0.0007658981 A.U.
#               LOCAL PP ENERGY =       0.0449353439 A.U.
#           NON LOCAL PP ENERGY =       0.0977651906 A.U.
#   EXCHANGE CORRELATION ENERGY =      -2.5014684881 A.U.
*********************************************************************************************
 Program ended at 07-10-2023, Time : 18:40:07
 Elapsed Time =    2.5553216666666666E-002 min
