              ____        ___    ___  _________    __    __  __  __  ____________ 
            /  __  \     |   \  /   ||   ____  \  |  |  /  /|  ||  ||____    ____|
           /  /  \  \    |    \/    ||  |    \  \ |  | /  / |  ||  |     |  |     
          /  /____\  \   |  |\  /|  ||  |     |  ||  |/  /  |  ||  |     |  |     
         /  ________  \  |  | \/ |  ||  |     |  ||  |\  \  |  ||  |     |  |     
        /  /        \  \ |  |    |  ||  |____/  / |  | \  \ |  ||  |     |  |     
       /__/          \__\|__|    |__||_________/  |__|  \__\|__||__|     |__|     

~~~~~~~~~~~~~~~~~~~~~~~~~~~~~~~~~~~~~~~~~~~~~~~~~~~~~~~~~~~~~~~~~~~~~~~~~~~~~~~~~~~~~~~~~~~~~
     A Plane Wave DFT Program for Ab Initio Dynamics at Higher Rungs of DFT Functionals     
~~~~~~~~~~~~~~~~~~~~~~~~~~~~~~~~~~~~~~~~~~~~~~~~~~~~~~~~~~~~~~~~~~~~~~~~~~~~~~~~~~~~~~~~~~~~~

                                   **  VERSION :1.0.0  **

                          Binary Build date :07-10-2023 11:16:05                                       
*********************************************************************************************
                      Program started at : 07-10-2023, TIME : 11:42:38
*********************************************************************************************
Number of MPI processes =         48
*********************************************************************************************
                                        INPUT DETAILS                                        
*********************************************************************************************
TASK: WAVEFUNCTION_OPTIMIZATION                                                                     
SYMMETRY: CUBIC                                                                                     
CELL:                                                                                               
  UNIT: ANGSTROM                                                                                    
  DIMENSION:                                                                                        
    - 9.85                                                                                          
    - 9.85                                                                                          
    - 9.85                                                                                          
  ANGLE:                                                                                            
    - 90                                                                                            
    - 90                                                                                            
    - 90                                                                                            
INPUT:                                                                                              
  COORDINATES_FILE: input_coordinate.xyz                                                            
  UNIT: ANGSTROM                                                                                    
SPECIES:                                                                                            
  LABEL1:                                                                                           
    ATOM: O                                                                                         
    PP_FILE: O_MT_LDA.psp                                                                           
    PP_SCHEME: KLEINMAN-BYLANDER                                                                    
    LMAX: P                                                                                         
  LABEL2:                                                                                           
    ATOM: H                                                                                         
    PP_FILE: H_MT_LDA.psp                                                                           
    LMAX: S                                                                                         
DFT:                                                                                                
   XC: XC_LDA_XC_TETER93                                                                            
*********************************************************************************************
  does not contain key "INITIALIZATION".
  does not contain key "OPTIMIZATION".
  does not contain key "CUTOFF".
  does not contain key "OUTPUT".
                                   SIMULATION PARAMETERS                           
*********************************************************************************************
             Wavefunction Cutoff (Ry) =        80.000000
              Density Cutoff (Ry)     =       320.000000
          Exchange Corelation funational
                             Exchange : NONE                
                           Corelation : NONE                
                  Exchange-Corelation : XC_LDA_XC_TETER93   
*********************************************************************************************
                                          SUPERCELL                                          
*********************************************************************************************
Lattice Type = CUBIC                         
Lattice Constant (Bohr) =        18.613802
Cell Volume (Bohr^3)    =      6449.191794
Reciprocal Lattice Vector (2pi Bohr^-1)
B1 =        0.053724        0.000000        0.000000
B2 =        0.000000        0.053724        0.000000
B3 =        0.000000        0.000000        0.053724
*********************************************************************************************
                                          SPECIES                                          
*********************************************************************************************
 TYPE           X               Y              Z     (ANGS)     PSEUDOPOTENTIAL
---------------------------------------------------------------------------------------------
   O       10.0036338      10.1913065       9.9981111          O_MT_LDA.psp                     
   H        8.5809388       9.0006781      10.0003103          H_MT_LDA.psp                     
   H       11.5003475       9.0949483       9.9999951          H_MT_LDA.psp                     
*********************************************************************************************

         #Plane waves                                 Local  Dimensions
CPU-ID  PW-CUT DEN-CUT  #X-GRIDS  #Y-GRIDS  #Z-GRIDS   #RAYS(PW)  #RAYS(DEN) #GRIDS(G-SPACE)
     1     815    6499         2       108       108          46         182           35643
     2     815    6495         2       108       108          46         182           35643
     3     815    6497         3       108       108          46         182           35643
     4     815    6493         2       108       108          46         182           35643
     5     815    6495         2       108       108          46         182           35643
     6     815    6493         2       108       108          46         182           35643
     7     817    6487         3       108       108          46         182           35643
     8     817    6489         2       108       108          46         182           35643
     9     815    6487         2       108       108          46         182           35643
    10     815    6487         2       108       108          46         182           35643
    11     815    6491         3       108       108          46         182           35643
    12     813    6487         2       108       108          46         182           35643
    13     815    6491         2       108       108          46         182           35643
    14     817    6493         2       108       108          46         182           35643
    15     817    6489         3       108       108          46         182           35643
    16     815    6493         2       108       108          46         182           35643
    17     815    6493         2       108       108          46         182           35643
    18     815    6498         2       108       108          46         184           35643
    19     815    6496         3       108       108          46         184           35643
    20     815    6492         2       108       108          46         184           35643
    21     817    6492         2       108       108          46         184           35643
    22     819    6496         2       108       108          46         184           35643
    23     819    6492         3       108       108          46         184           35643
    24     819    6494         2       108       108          46         184           35643
    25     817    6490         2       108       108          46         184           35643
    26     817    6488         2       108       108          46         184           35643
    27     817    6492         3       108       108          46         184           35643
    28     817    6490         2       108       108          46         184           35643
    29     817    6486         2       108       108          46         184           35643
    30     817    6488         2       108       108          46         184           35643
    31     811    6488         3       108       108          46         184           35643
    32     811    6492         2       108       108          46         184           35643
    33     811    6494         2       108       108          46         184           35643
    34     811    6494         2       108       108          46         184           35643
    35     813    6492         3       108       108          46         184           35643
    36     813    6494         2       108       108          46         184           35643
    37     813    6496         2       108       108          46         184           35643
    38     811    6496         2       108       108          46         184           35643
    39     811    6498         3       108       108          46         184           35643
    40     811    6490         2       108       108          46         184           35643
    41     811    6490         2       108       108          46         184           35643
    42     811    6494         2       108       108          46         184           35643
    43     811    6450         3       108       108          45         183           35643
    44     814    6488         2       108       108          48         184           35643
    45     814    6484         2       108       108          48         184           35643
    46     814    6492         2       108       108          48         184           35643
    47     814    6492         3       108       108          48         184           35643
    48     816    6486         2       108       108          48         184           35643

    Total Number of Valence Electrons =     8
      Total Number of Valence Orbital =     4
                           Occupation = 
  2.0  2.0  2.0  2.0
                                   OPTIMIZATION DETAILS                           
*********************************************************************************************
Wavefunction Optimization
---------------------------------------------------------------------------------------------
          Minimizer : CONJUGATE_GRADIENT  
          Max Steps :                800
    Gradiant Cutoff :       0.100000E-06
      Energy Cutoff :       0.000000E+00
                            Wavefunction Optimization Starts                            
*********************************************************************************************
 ITER          KS ENERGY            ENERGY CHANGE            MAX. GRAIDENT     CPU TIME (ms)
*********************************************************************************************
#   1         -16.700612             16.700612                0.458051E-01              72.4
#   2         -16.749181              0.048569                0.430988E-01              55.8
#   3         -16.812329              0.063148                0.389125E-01              53.6
#   4         -16.869716              0.057387                0.342825E-01              53.9
#   5         -16.916001              0.046284                0.298150E-01              55.8
#   6         -16.952144              0.036143                0.257637E-01              53.6
#   7         -16.980382              0.028238                0.221959E-01              53.9
#   8         -17.002670              0.022288                0.191015E-01              54.0
#   9         -17.020455              0.017785                0.181081E-01              54.1
#  10         -17.034772              0.014317                0.173375E-01              54.2
#  11         -17.046369              0.011597                0.164880E-01              54.3
#  12         -17.058137              0.011768                0.153755E-01              54.1
#  13         -17.068316              0.010179                0.141221E-01              54.1
#  14         -17.076416              0.008100                0.128200E-01              54.2
#  15         -17.082599              0.006183                0.115283E-01              54.3
#  16         -17.087226              0.004627                0.102836E-01              54.3
#  17         -17.090654              0.003428                0.910925E-02              54.4
#  18         -17.093180              0.002527                0.802029E-02              54.5
#  19         -17.095036              0.001856                0.702589E-02              54.5
#  20         -17.096396              0.001360                0.612995E-02              54.4
#  21         -17.097393              0.000997                0.533181E-02              54.4
#  22         -17.098147              0.000754                0.460391E-02              54.4
#  23         -17.098707              0.000559                0.395553E-02              54.4
#  24         -17.099118              0.000412                0.338620E-02              54.5
#  25         -17.099421              0.000303                0.289026E-02              54.4
#  26         -17.099645              0.000224                0.245983E-02              54.3
#  27         -17.099813              0.000168                0.208654E-02              54.1
#  28         -17.099939              0.000126                0.176255E-02              54.3
#  29         -17.100036              0.000097                0.148093E-02              54.3
#  30         -17.100111              0.000075                0.123592E-02              54.1
#  31         -17.100169              0.000058                0.102289E-02              54.2
#  32         -17.100214              0.000045                0.838183E-03              54.1
#  33         -17.100250              0.000036                0.678882E-03              54.1
#  34         -17.100278              0.000028                0.542585E-03              54.3
#  35         -17.100300              0.000022                0.427185E-03              54.2
#  36         -17.100317              0.000017                0.333788E-03              54.0
#  37         -17.100330              0.000013                0.269872E-03              54.1
#  38         -17.100341              0.000010                0.217020E-03              54.2
#  39         -17.100348              0.000008                0.173705E-03              54.2
#  40         -17.100354              0.000006                0.138555E-03              54.3
#  41         -17.100359              0.000004                0.118325E-03              54.5
#  42         -17.100362              0.000003                0.106914E-03              54.3
#  43         -17.100364              0.000002                0.951182E-04              54.4
#  44         -17.100366              0.000002                0.834392E-04              56.0
#  45         -17.100367              0.000001                0.722797E-04              56.0
#  46         -17.100368              0.000001                0.619257E-04              54.8
#  47         -17.100369              0.000001                0.525521E-04              54.4
#  48         -17.100370              0.000000                0.442365E-04              54.5
#  49         -17.100370              0.000000                0.369823E-04              54.5
#  50         -17.100370              0.000000                0.307405E-04              54.6
#  51         -17.100370              0.000000                0.254288E-04              54.6
#  52         -17.100370              0.000000                0.209469E-04              56.0
#  53         -17.100371              0.000000                0.184545E-04              53.8
#  54         -17.100371              0.000000                0.164424E-04              53.9
#  55         -17.100371              0.000000                0.150330E-04              53.9
#  56         -17.100371              0.000000                0.139036E-04              56.7
#  57         -17.100371              0.000000                0.127967E-04              59.0
#  58         -17.100371              0.000000                0.117087E-04              54.1
#  59         -17.100371              0.000000                0.106437E-04              54.1
#  60         -17.100371              0.000000                0.961052E-05              53.8
#  61         -17.100371              0.000000                0.915999E-05              53.8
#  62         -17.100371              0.000000                0.870604E-05              55.1
#  63         -17.100371              0.000000                0.819081E-05              54.2
#  64         -17.100371              0.000000                0.763376E-05              54.2
#  65         -17.100371              0.000000                0.705233E-05              54.2
#  66         -17.100371              0.000000                0.646164E-05              54.4
#  67         -17.100371              0.000000                0.587493E-05              54.2
#  68         -17.100371              0.000000                0.530280E-05              54.4
#  69         -17.100371              0.000000                0.475409E-05              54.1
#  70         -17.100371              0.000000                0.423451E-05              54.3
#  71         -17.100371              0.000000                0.374866E-05              54.3
#  72         -17.100371              0.000000                0.329949E-05              54.5
#  73         -17.100371              0.000000                0.288809E-05              54.5
#  74         -17.100371              0.000000                0.251450E-05              54.6
#  75         -17.100371              0.000000                0.217786E-05              54.6
#  76         -17.100371              0.000000                0.187667E-05              54.6
#  77         -17.100371              0.000000                0.160945E-05              54.6
#  78         -17.100371              0.000000                0.137398E-05              53.7
#  79         -17.100371              0.000000                0.116828E-05              53.8
#  80         -17.100371              0.000000                0.989352E-06              53.9
#  81         -17.100371              0.000000                0.835055E-06              53.9
#  82         -17.100371              0.000000                0.702413E-06              53.9
#  83         -17.100371              0.000000                0.589373E-06              53.8
#  84         -17.100371              0.000000                0.493271E-06              53.9
#  85         -17.100371              0.000000                0.412452E-06              56.1
#  86         -17.100371              0.000000                0.344401E-06              53.9
#  87         -17.100371              0.000000                0.287749E-06              55.8
#  88         -17.100371              0.000000                0.240484E-06              55.0
#  89         -17.100371              0.000000                0.201501E-06              55.1
#  90         -17.100371              0.000000                0.169559E-06              55.2
#  91         -17.100371              0.000000                0.143447E-06              55.2
#  92         -17.100371              0.000000                0.122206E-06              55.0
#  93         -17.100371              0.000000                0.105392E-06              56.1
#  94         -17.100371              0.000000                0.929594E-07              57.1
*********************************************************************************************
#                  TOTAL ENERGY =     -17.1003708291 A.U.
#                KINETIC ENERGY =      12.9368617567 A.U.
#          ELECTROSTATIC ENERGY =     -11.4572187249 A.U.
#      SELF ENERGY CONTRIBUTION =      12.6331722127 A.U.
#   OVERLAP ENERGY CONTRIBUTION =       0.7948543204 A.U.
#               LOCAL PP ENERGY =     -16.0706100473 A.U.
#           NON LOCAL PP ENERGY =       1.5761507073 A.U.
#   EXCHANGE CORRELATION ENERGY =      -4.0855545209 A.U.
*********************************************************************************************
 Program ended at 07-10-2023, Time : 11:42:47
 Elapsed Time =   0.13224554999999999      min
