              ____        ___    ___  _________    __    __  __  __  ____________ 
            /  __  \     |   \  /   ||   ____  \  |  |  /  /|  ||  ||____    ____|
           /  /  \  \    |    \/    ||  |    \  \ |  | /  / |  ||  |     |  |     
          /  /____\  \   |  |\  /|  ||  |     |  ||  |/  /  |  ||  |     |  |     
         /  ________  \  |  | \/ |  ||  |     |  ||  |\  \  |  ||  |     |  |     
        /  /        \  \ |  |    |  ||  |____/  / |  | \  \ |  ||  |     |  |     
       /__/          \__\|__|    |__||_________/  |__|  \__\|__||__|     |__|     

~~~~~~~~~~~~~~~~~~~~~~~~~~~~~~~~~~~~~~~~~~~~~~~~~~~~~~~~~~~~~~~~~~~~~~~~~~~~~~~~~~~~~~~~~~~~~
     A Plane Wave DFT Program for Ab Initio Dynamics at Higher Rungs of DFT Functionals     
~~~~~~~~~~~~~~~~~~~~~~~~~~~~~~~~~~~~~~~~~~~~~~~~~~~~~~~~~~~~~~~~~~~~~~~~~~~~~~~~~~~~~~~~~~~~~

                                   **  VERSION :1.0.0  **

                          Binary Build date :07-10-2023 06:42:21                                       
*********************************************************************************************
                      Program started at : 07-10-2023, TIME : 07:30:58
*********************************************************************************************
Number of MPI processes =          1
*********************************************************************************************
                                        INPUT DETAILS                                        
*********************************************************************************************
TASK: WAVEFUNCTION_OPTIMIZATION                                                                     
INITIALIZATION:                                                                                     
  OPEN_SHELL: .TRUE.                                                                                
  MULTIPLICITY: 3                                                                                   
SYMMETRY: CUBIC                                                                                     
CELL:                                                                                               
  UNIT: ANGSTROM                                                                                    
  DIMENSION:                                                                                        
    - 5.2918                                                                                        
    - 5.2918                                                                                        
    - 5.2918                                                                                        
  ANGLE:                                                                                            
    - 90                                                                                            
    - 90                                                                                            
    - 90                                                                                            
INPUT:                                                                                              
  COORDINATES_FILE: input_coordinate.xyz                                                            
  UNIT: ANGSTROM                                                                                    
SPECIES:                                                                                            
  LABEL1:                                                                                           
    ATOM: O                                                                                         
    PP_FILE: O_MT_LDA.psp                                                                           
    PP_SCHEME: KLEINMAN-BYLANDER                                                                    
    LMAX: P                                                                                         
OUTPUT:                                                                                             
  PRINT_DENSITY: .TRUE.                                                                             
DFT:                                                                                                
   XC: XC_LDA_XC_TETER93                                                                            
*********************************************************************************************
  does not contain key "OPTIMIZATION".
  does not contain key "CUTOFF".
                                   SIMULATION PARAMETERS                           
*********************************************************************************************
             Wavefunction Cutoff (Ry) =        80.000000
              Density Cutoff (Ry)     =       320.000000
          Exchange Corelation funational
                             Exchange : NONE                
                           Corelation : NONE                
                  Exchange-Corelation : XC_LDA_XC_TETER93   
*********************************************************************************************
                                          SUPERCELL                                          
*********************************************************************************************
Lattice Type = CUBIC                         
Lattice Constant (Bohr) =        10.000053
Cell Volume (Bohr^3)    =      1000.015812
Reciprocal Lattice Vector (2pi Bohr^-1)
B1 =        0.099999        0.000000        0.000000
B2 =        0.000000        0.099999        0.000000
B3 =        0.000000        0.000000        0.099999
*********************************************************************************************
                                          SPECIES                                          
*********************************************************************************************
 TYPE           X               Y              Z     (ANGS)     PSEUDOPOTENTIAL
---------------------------------------------------------------------------------------------
   O        0.0000000       0.0000000       0.0000000O_MT_LDA.psp                     
   O        0.0000000       0.0000000       2.3000121O_MT_LDA.psp                     
*********************************************************************************************

         #Plane waves                                 Local  Dimensions
CPU-ID  PW-CUT DEN-CUT  #X-GRIDS  #Y-GRIDS  #Z-GRIDS   #RAYS(PW)  #RAYS(DEN) #GRIDS(G-SPACE)
     1    6027   48485        60        60        60         641        2561          226981

    Total Number of Valence Electrons =    12
      Total Number of Valence Orbital =    12
                           Occupation = 
  1.0  1.0  1.0  1.0  1.0  1.0  1.0  1.0  1.0  1.0  1.0  1.0
 No. of alpha electrons =           5
 No. of beta electrons =           7
                                   OPTIMIZATION DETAILS                           
*********************************************************************************************
Wavefunction Optimization
---------------------------------------------------------------------------------------------
          Minimizer : CONJUGATE_GRADIENT  
          Max Steps :                800
    Gradiant Cutoff :       0.100000E-06
      Energy Cutoff :       0.000000E+00
                            Wavefunction Optimization Starts                            
*********************************************************************************************
 ITER          KS ENERGY            ENERGY CHANGE            MAX. GRAIDENT     CPU TIME (ms)
*********************************************************************************************
#   1         -31.194253             31.194253                0.583599E-01             592.3
#   2         -31.255506              0.061253                0.551110E-01             570.0
#   3         -31.335221              0.079715                0.502685E-01             566.2
#   4         -31.408070              0.072849                0.450502E-01             566.2
#   5         -31.467657              0.059587                0.400337E-01             565.8
#   6         -31.515129              0.047472                0.354151E-01             565.1
#   7         -31.553069              0.037940                0.312343E-01             572.3
#   8         -31.583726              0.030656                0.274787E-01             565.2
#   9         -31.608769              0.025043                0.241218E-01             563.9
#  10         -31.629398              0.020629                0.211345E-01             562.8
#  11         -31.646484              0.017086                0.184881E-01             562.7
#  12         -31.664090              0.017606                0.155176E-01             563.0
#  13         -31.679554              0.015465                0.126359E-01             565.5
#  14         -31.692117              0.012562                0.100518E-01             563.6
#  15         -31.701941              0.009825                0.783637E-02             564.5
#  16         -31.709462              0.007521                0.599421E-02             564.5
#  17         -31.715124              0.005662                0.450197E-02             564.0
#  18         -31.719318              0.004194                0.332368E-02             565.7
#  19         -31.722377              0.003059                0.275411E-02             564.9
#  20         -31.724578              0.002201                0.232267E-02             563.3
#  21         -31.726146              0.001568                0.195613E-02             564.5
#  22         -31.727289              0.001143                0.165696E-02             565.5
#  23         -31.728098              0.000809                0.139464E-02             563.6
#  24         -31.728662              0.000563                0.116835E-02             563.8
#  25         -31.729050              0.000388                0.975381E-03             565.8
#  26         -31.729315              0.000265                0.812262E-03             563.3
#  27         -31.729495              0.000180                0.675329E-03             564.6
#  28         -31.729617              0.000122                0.560931E-03             563.9
#  29         -31.729699              0.000083                0.465592E-03             564.0
#  30         -31.729755              0.000056                0.386130E-03             566.4
#  31         -31.729793              0.000038                0.319759E-03             567.8
#  32         -31.729820              0.000026                0.264140E-03             565.6
#  33         -31.729838              0.000018                0.217368E-03             566.4
#  34         -31.729851              0.000013                0.177924E-03             566.4
#  35         -31.729860              0.000009                0.162143E-03             565.1
#  36         -31.729866              0.000006                0.160429E-03             564.6
#  37         -31.729871              0.000005                0.159432E-03             565.1
#  38         -31.729874              0.000003                0.157438E-03             563.7
#  39         -31.729877              0.000003                0.154479E-03             564.0
#  40         -31.729879              0.000002                0.150602E-03             565.5
#  41         -31.729881              0.000002                0.145865E-03             564.2
#  42         -31.729882              0.000001                0.140325E-03             564.4
#  43         -31.729883              0.000001                0.134049E-03             567.0
#  44         -31.729884              0.000001                0.127116E-03             565.4
#  45         -31.729885              0.000001                0.119626E-03             566.5
#  46         -31.729886              0.000001                0.111695E-03             565.8
#  47         -31.729886              0.000001                0.103473E-03             565.6
#  48         -31.729887              0.000001                0.951195E-04             565.3
#  49         -31.729888              0.000001                0.868059E-04             564.9
#  50         -31.729888              0.000001                0.786983E-04             564.5
#  51         -31.729889              0.000000                0.709507E-04             564.8
#  52         -31.729889              0.000000                0.636921E-04             565.1
#  53         -31.729889              0.000000                0.570168E-04             563.1
#  54         -31.729890              0.000000                0.509801E-04             563.5
#  55         -31.729890              0.000000                0.456013E-04             565.6
#  56         -31.729890              0.000000                0.408669E-04             564.4
#  57         -31.729890              0.000000                0.367314E-04             566.1
#  58         -31.729890              0.000000                0.331384E-04             566.2
#  59         -31.729890              0.000000                0.300215E-04             566.0
#  60         -31.729890              0.000000                0.273083E-04             566.3
#  61         -31.729891              0.000000                0.249341E-04             567.2
#  62         -31.729891              0.000000                0.228403E-04             564.5
#  63         -31.729891              0.000000                0.209726E-04             563.4
#  64         -31.729891              0.000000                0.192868E-04             563.5
#  65         -31.729891              0.000000                0.177517E-04             563.1
#  66         -31.729891              0.000000                0.163422E-04             564.8
#  67         -31.729891              0.000000                0.150341E-04             565.0
#  68         -31.729891              0.000000                0.138134E-04             563.7
#  69         -31.729891              0.000000                0.126726E-04             563.9
#  70         -31.729891              0.000000                0.116056E-04             564.5
#  71         -31.729891              0.000000                0.106073E-04             565.0
#  72         -31.729891              0.000000                0.967268E-05             566.4
#  73         -31.729891              0.000000                0.880317E-05             566.0
#  74         -31.729891              0.000000                0.799822E-05             566.0
#  75         -31.729891              0.000000                0.725631E-05             564.5
#  76         -31.729891              0.000000                0.657417E-05             565.0
#  77         -31.729891              0.000000                0.595252E-05             563.4
#  78         -31.729891              0.000000                0.538558E-05             564.5
#  79         -31.729891              0.000000                0.486913E-05             565.2
#  80         -31.729891              0.000000                0.440550E-05             562.9
#  81         -31.729891              0.000000                0.398518E-05             562.6
#  82         -31.729891              0.000000                0.360648E-05             562.7
#  83         -31.729891              0.000000                0.326773E-05             564.7
#  84         -31.729891              0.000000                0.296183E-05             566.0
#  85         -31.729891              0.000000                0.268671E-05             567.2
#  86         -31.729891              0.000000                0.243837E-05             565.4
#  87         -31.729891              0.000000                0.221240E-05             563.9
#  88         -31.729891              0.000000                0.200808E-05             564.5
#  89         -31.729891              0.000000                0.182286E-05             563.9
#  90         -31.729891              0.000000                0.165283E-05             563.2
#  91         -31.729891              0.000000                0.149675E-05             564.7
#  92         -31.729891              0.000000                0.135671E-05             564.0
#  93         -31.729891              0.000000                0.122658E-05             563.1
#  94         -31.729891              0.000000                0.110842E-05             564.2
#  95         -31.729891              0.000000                0.100201E-05             562.6
#  96         -31.729891              0.000000                0.903721E-06             564.2
#  97         -31.729891              0.000000                0.813457E-06             565.3
#  98         -31.729891              0.000000                0.733509E-06             564.8
#  99         -31.729891              0.000000                0.659541E-06             565.0
# 100         -31.729891              0.000000                0.594901E-06             564.5
# 101         -31.729891              0.000000                0.537019E-06             565.2
# 102         -31.729891              0.000000                0.481998E-06             564.4
# 103         -31.729891              0.000000                0.433811E-06             564.7
# 104         -31.729891              0.000000                0.391957E-06             563.3
# 105         -31.729891              0.000000                0.355010E-06             563.1
# 106         -31.729891              0.000000                0.319254E-06             564.5
# 107         -31.729891              0.000000                0.289163E-06             570.7
# 108         -31.729891              0.000000                0.259973E-06             568.7
# 109         -31.729891              0.000000                0.235890E-06             568.8
# 110         -31.729891              0.000000                0.212133E-06             570.6
# 111         -31.729891              0.000000                0.196406E-06             571.4
# 112         -31.729891              0.000000                0.180948E-06             571.8
# 113         -31.729891              0.000000                0.167065E-06             571.2
# 114         -31.729891              0.000000                0.153942E-06             571.5
# 115         -31.729891              0.000000                0.139483E-06             572.6
# 116         -31.729891              0.000000                0.128503E-06             570.4
# 117         -31.729891              0.000000                0.115480E-06             569.8
# 118         -31.729891              0.000000                0.104016E-06             569.5
# 119         -31.729891              0.000000                0.954089E-07             569.6
*********************************************************************************************
#                  TOTAL ENERGY =     -31.7298907859 A.U.
#                KINETIC ENERGY =      22.9987953863 A.U.
#          ELECTROSTATIC ENERGY =     -22.5214638618 A.U.
#      SELF ENERGY CONTRIBUTION =      23.9365368241 A.U.
#   OVERLAP ENERGY CONTRIBUTION =       0.8652320962 A.U.
#               LOCAL PP ENERGY =     -28.9521410795 A.U.
#           NON LOCAL PP ENERGY =       3.3962055503 A.U.
#   EXCHANGE CORRELATION ENERGY =      -6.6512867811 A.U.
*********************************************************************************************
 Program ended at 07-10-2023, Time : 07:32:09
 Elapsed Time =    1.1668326166666667      min
