              ____        ___    ___  _________    __    __  __  __  ____________ 
            /  __  \     |   \  /   ||   ____  \  |  |  /  /|  ||  ||____    ____|
           /  /  \  \    |    \/    ||  |    \  \ |  | /  / |  ||  |     |  |     
          /  /____\  \   |  |\  /|  ||  |     |  ||  |/  /  |  ||  |     |  |     
         /  ________  \  |  | \/ |  ||  |     |  ||  |\  \  |  ||  |     |  |     
        /  /        \  \ |  |    |  ||  |____/  / |  | \  \ |  ||  |     |  |     
       /__/          \__\|__|    |__||_________/  |__|  \__\|__||__|     |__|     

~~~~~~~~~~~~~~~~~~~~~~~~~~~~~~~~~~~~~~~~~~~~~~~~~~~~~~~~~~~~~~~~~~~~~~~~~~~~~~~~~~~~~~~~~~~~~
     A Plane Wave DFT Program for Ab Initio Dynamics at Higher Rungs of DFT Functionals     
~~~~~~~~~~~~~~~~~~~~~~~~~~~~~~~~~~~~~~~~~~~~~~~~~~~~~~~~~~~~~~~~~~~~~~~~~~~~~~~~~~~~~~~~~~~~~

                                   **  VERSION :1.0.0  **

                          Binary Build date :07-10-2023 11:16:05                                       
*********************************************************************************************
                      Program started at : 07-10-2023, TIME : 16:37:06
*********************************************************************************************
Number of MPI processes =         48
*********************************************************************************************
                                        INPUT DETAILS                                        
*********************************************************************************************
TASK: WAVEFUNCTION_OPTIMIZATION                                                                     
#  by default parameter                                                                             
OPTIMIZATION:                                                                                       
  WAVEFUNCTION:                                                                                     
    MINIMIZER: CONJUGATE_GRADIENT                                                                   
    MAX_STEPS: 800                                                                                  
    GRAD_CUTOFF: 1.0E-006                                                                           
WAVEFUNCTION_CUTOFF:                                                                                
    VALUE: 80                                                                                       
    UNIT: RYDBERG                                                                                   
SYMMETRY: CUBIC                                                                                     
CELL:                                                                                               
  UNIT: ANGSTROM                                                                                    
  DIMENSION:                                                                                        
    - 9.85                                                                                          
    - 9.85                                                                                          
    - 9.85                                                                                          
  ANGLE:                                                                                            
    - 90                                                                                            
    - 90                                                                                            
    - 90                                                                                            
INPUT:                                                                                              
  COORDINATES_FILE: input_coordinate.xyz                                                            
  UNIT: ANGSTROM                                                                                    
SPECIES:                                                                                            
  LABEL1:                                                                                           
    ATOM: O                                                                                         
    PP_FILE: O_MT_LDA.psp                                                                           
    PP_SCHEME: KLEINMAN-BYLANDER                                                                    
    LMAX: P                                                                                         
  LABEL2:                                                                                           
    ATOM: H                                                                                         
    PP_FILE: H_MT_LDA.psp                                                                           
    LMAX: S                                                                                         
OUTPUT:                                                                                             
  DEBUG: .TRUE.                                                                                     
  FILE: NONE                                                                                        
DFT:                                                                                                
   XC: XC_LDA_XC_TETER93                                                                            
*********************************************************************************************
  does not contain key "INITIALIZATION".
  does not contain key "CUTOFF".
                                   SIMULATION PARAMETERS                           
*********************************************************************************************
             Wavefunction Cutoff (Ry) =        80.000000
              Density Cutoff (Ry)     =       320.000000
          Exchange Corelation funational
                             Exchange : NONE                
                           Corelation : NONE                
                  Exchange-Corelation : XC_LDA_XC_TETER93   
*********************************************************************************************
                                          SUPERCELL                                          
*********************************************************************************************
Lattice Type = CUBIC                         
Lattice Constant (Bohr) =        18.613802
Cell Volume (Bohr^3)    =      6449.191794
Reciprocal Lattice Vector (2pi Bohr^-1)
B1 =        0.053724        0.000000        0.000000
B2 =        0.000000        0.053724        0.000000
B3 =        0.000000        0.000000        0.053724
*********************************************************************************************
                                          SPECIES                                          
*********************************************************************************************
 TYPE           X               Y              Z     (ANGS)     PSEUDOPOTENTIAL
---------------------------------------------------------------------------------------------
   O        6.4696569      10.7051039       9.4648294          O_MT_LDA.psp                     
   O       -8.4034231      -1.0674364     -11.3877958          O_MT_LDA.psp                     
   O       -0.4333350       4.1962030      -4.9671243          O_MT_LDA.psp                     
   O       -7.4772570      10.0225027       7.5835787          O_MT_LDA.psp                     
   O        3.4939751      10.3495028       5.5353669          O_MT_LDA.psp                     
   O       -3.2598853       8.7031204       1.1423564          O_MT_LDA.psp                     
   O        4.6446596       1.5352116       8.9999737          O_MT_LDA.psp                     
   O        8.2043877      17.6957828      -2.9532451          O_MT_LDA.psp                     
   O       -7.2815003      13.0622065      -3.7924044          O_MT_LDA.psp                     
   O        3.8715292       1.0890794      -3.0346545          O_MT_LDA.psp                     
   O       -7.2194417       3.0079432      -3.0252342          O_MT_LDA.psp                     
   O       -3.2586135      -0.6091003       2.6491995          O_MT_LDA.psp                     
   O      -10.3349556       6.7993291       2.0651740          O_MT_LDA.psp                     
   O      -14.9572031      11.3039770      -2.9062155          O_MT_LDA.psp                     
   O        4.2452338      13.7096002       1.5808202          O_MT_LDA.psp                     
   O       15.3063867      16.0237210      -2.1145072          O_MT_LDA.psp                     
   O        0.5243990       6.5309181       4.5566494          O_MT_LDA.psp                     
   O        1.4540365      18.9894856       1.6928885          O_MT_LDA.psp                     
   O        7.4877960       5.2264552      11.8925567          O_MT_LDA.psp                     
   O       14.9560522      17.2598929       9.5287267          O_MT_LDA.psp                     
   O       -5.8205360       5.1472492       8.3345180          O_MT_LDA.psp                     
   O       12.7806392       4.8402935       3.3143661          O_MT_LDA.psp                     
   O        0.6505760      13.3741455       8.9529706          O_MT_LDA.psp                     
   O        4.6039568      22.2110850       3.9212819          O_MT_LDA.psp                     
   O        8.9718244       8.8340161      -2.4060276          O_MT_LDA.psp                     
   O       -3.7189243      10.9820054      -7.2774695          O_MT_LDA.psp                     
   O       -5.6143102      12.7502335       3.4314724          O_MT_LDA.psp                     
   O       -1.1508508       9.0537516      -3.2651652          O_MT_LDA.psp                     
   O        1.5165014      15.6678346      -4.5385798          O_MT_LDA.psp                     
   O        6.7765541      15.5286506      11.5286125          O_MT_LDA.psp                     
   O       -9.8916240      15.9339080       2.2500024          O_MT_LDA.psp                     
   O       -1.2413762       3.1073390       8.8043002          O_MT_LDA.psp                     
   H        6.4840510      12.4541796      10.1479370          H_MT_LDA.psp                     
   H        6.4433349       9.4723694      -7.8387408          H_MT_LDA.psp                     
   H       -9.7250352      16.7773570     -10.3138984          H_MT_LDA.psp                     
   H       -8.6374260      -1.5211010       5.4831575          H_MT_LDA.psp                     
   H        1.2374059       3.4714137      14.2823989          H_MT_LDA.psp                     
   H       -0.6591081       5.9010062      -4.2421460          H_MT_LDA.psp                     
   H       -7.1938567       8.1396117       7.8195355          H_MT_LDA.psp                     
   H        9.6292790      10.4823108       8.4984310          H_MT_LDA.psp                     
   H        2.4131500       8.9043177       5.1343745          H_MT_LDA.psp                     
   H        4.8284600       9.9922765       6.8322954          H_MT_LDA.psp                     
   H       -1.6957079       8.2600345       2.1174646          H_MT_LDA.psp                     
   H       -3.7745900      10.3550529       1.9452255          H_MT_LDA.psp                     
   H        5.2073180       1.5516617       7.2077065          H_MT_LDA.psp                     
   H        2.9103067       1.7268846       8.8185185          H_MT_LDA.psp                     
   H        9.5667857      18.9632977      -2.7755485          H_MT_LDA.psp                     
   H        6.6229194       0.0292038      -2.9304285          H_MT_LDA.psp                     
   H       -7.8754355      11.3720014      -3.3092355          H_MT_LDA.psp                     
   H       -8.7590185      13.9148018      -4.0376758          H_MT_LDA.psp                     
   H        3.3207326      -0.3530689      -3.9880742          H_MT_LDA.psp                     
   H        3.1012711       0.8570777      -1.3636963          H_MT_LDA.psp                     
   H       -7.0113110       4.8153170      -2.6231080          H_MT_LDA.psp                     
   H       -5.3713519       2.5658172      -3.4617685          H_MT_LDA.psp                     
   H       -4.6314277       0.6384440       2.6141470          H_MT_LDA.psp                     
   H       -3.3037345      -1.3531932       0.9529360          H_MT_LDA.psp                     
   H      -10.5664698       8.2023411       3.1548543          H_MT_LDA.psp                     
   H       -8.4101052       6.2354424       2.4514170          H_MT_LDA.psp                     
   H        2.3056719      10.1873624      -3.0871095          H_MT_LDA.psp                     
   H      -14.4151446      11.7282186      -1.1543524          H_MT_LDA.psp                     
   H        4.0046131      12.6551274       3.0702966          H_MT_LDA.psp                     
   H        5.9258939      14.5820584       1.9102769          H_MT_LDA.psp                     
   H       -1.6349173      15.5874532      -2.9721253          H_MT_LDA.psp                     
   H       14.2075487      14.5780031      -2.2572911          H_MT_LDA.psp                     
   H       -0.4197479       6.0335573       5.9833945          H_MT_LDA.psp                     
   H        1.9524102       5.2312891       4.4334468          H_MT_LDA.psp                     
   H       -0.1864026      18.8322679       2.4124168          H_MT_LDA.psp                     
   H        2.2243399      17.3283596       1.9762000          H_MT_LDA.psp                     
   H        6.3036936       4.0870108      11.0807946          H_MT_LDA.psp                     
   H        8.4286850       4.3237142      13.1849650          H_MT_LDA.psp                     
   H       -5.1136253      17.3441142       8.3786847          H_MT_LDA.psp                     
   H       16.2671820      16.1315393       8.6883239          H_MT_LDA.psp                     
   H       -6.6847512       3.8008988       9.0681702          H_MT_LDA.psp                     
   H       -4.0311203       4.6521523       8.8127453          H_MT_LDA.psp                     
   H       -4.4414554       5.5865066       2.3224999          H_MT_LDA.psp                     
   H       13.1575715       5.1174634       5.1014744          H_MT_LDA.psp                     
   H       -0.6115475      12.3533929       9.7118071          H_MT_LDA.psp                     
   H        1.5982000      12.0908740       7.7930699          H_MT_LDA.psp                     
   H        5.8970434       4.5638454       2.9690262          H_MT_LDA.psp                     
   H        3.6556676      21.1631525       2.6854123          H_MT_LDA.psp                     
   H        8.5415375       8.0501955      -0.7943502          H_MT_LDA.psp                     
   H        7.4258319       9.5480888      -2.9652146          H_MT_LDA.psp                     
   H       -4.5949957      12.4223358      -6.6917054          H_MT_LDA.psp                     
   H       -4.7767779      10.1980374      -8.4884853          H_MT_LDA.psp                     
   H       -4.3048604      13.8424650       4.2127060          H_MT_LDA.psp                     
   H       -6.2492827      11.8793154       4.8766424          H_MT_LDA.psp                     
   H       -2.1083542       9.6713802      -4.7254529          H_MT_LDA.psp                     
   H       -1.9313398       8.9109544      -1.5881428          H_MT_LDA.psp                     
   H        2.5127896      14.0275296      -4.1125203          H_MT_LDA.psp                     
   H        1.0196792      15.1456125      -6.2803404          H_MT_LDA.psp                     
   H        5.3002471      -2.1540724      10.8415345          H_MT_LDA.psp                     
   H        7.5676048      16.5768590      12.9979464          H_MT_LDA.psp                     
   H       -9.7790530      17.0189736       0.6471254          H_MT_LDA.psp                     
   H       -8.3193813      14.9668558       2.0548069          H_MT_LDA.psp                     
   H       -1.6230631       1.2134083       8.9096637          H_MT_LDA.psp                     
   H       -0.7534489       3.4353312      10.6415618          H_MT_LDA.psp                     
*********************************************************************************************

         #Plane waves                                 Local  Dimensions
CPU-ID  PW-CUT DEN-CUT  #X-GRIDS  #Y-GRIDS  #Z-GRIDS   #RAYS(PW)  #RAYS(DEN) #GRIDS(G-SPACE)
     1     815    6499         2       108       108          46         182           35643
     2     815    6495         2       108       108          46         182           35643
     3     815    6497         3       108       108          46         182           35643
     4     815    6493         2       108       108          46         182           35643
     5     815    6495         2       108       108          46         182           35643
     6     815    6493         2       108       108          46         182           35643
     7     817    6487         3       108       108          46         182           35643
     8     817    6489         2       108       108          46         182           35643
     9     815    6487         2       108       108          46         182           35643
    10     815    6487         2       108       108          46         182           35643
    11     815    6491         3       108       108          46         182           35643
    12     813    6487         2       108       108          46         182           35643
    13     815    6491         2       108       108          46         182           35643
    14     817    6493         2       108       108          46         182           35643
    15     817    6489         3       108       108          46         182           35643
    16     815    6493         2       108       108          46         182           35643
    17     815    6493         2       108       108          46         182           35643
    18     815    6498         2       108       108          46         184           35643
    19     815    6496         3       108       108          46         184           35643
    20     815    6492         2       108       108          46         184           35643
    21     817    6492         2       108       108          46         184           35643
    22     819    6496         2       108       108          46         184           35643
    23     819    6492         3       108       108          46         184           35643
    24     819    6494         2       108       108          46         184           35643
    25     817    6490         2       108       108          46         184           35643
    26     817    6488         2       108       108          46         184           35643
    27     817    6492         3       108       108          46         184           35643
    28     817    6490         2       108       108          46         184           35643
    29     817    6486         2       108       108          46         184           35643
    30     817    6488         2       108       108          46         184           35643
    31     811    6488         3       108       108          46         184           35643
    32     811    6492         2       108       108          46         184           35643
    33     811    6494         2       108       108          46         184           35643
    34     811    6494         2       108       108          46         184           35643
    35     813    6492         3       108       108          46         184           35643
    36     813    6494         2       108       108          46         184           35643
    37     813    6496         2       108       108          46         184           35643
    38     811    6496         2       108       108          46         184           35643
    39     811    6498         3       108       108          46         184           35643
    40     811    6490         2       108       108          46         184           35643
    41     811    6490         2       108       108          46         184           35643
    42     811    6494         2       108       108          46         184           35643
    43     811    6450         3       108       108          45         183           35643
    44     814    6488         2       108       108          48         184           35643
    45     814    6484         2       108       108          48         184           35643
    46     814    6492         2       108       108          48         184           35643
    47     814    6492         3       108       108          48         184           35643
    48     816    6486         2       108       108          48         184           35643

    Total Number of Valence Electrons =   256
      Total Number of Valence Orbital =   128
                           Occupation = 
  2.0  2.0  2.0  2.0  2.0  2.0  2.0  2.0  2.0  2.0  2.0  2.0  2.0
  2.0  2.0  2.0  2.0  2.0  2.0  2.0  2.0  2.0  2.0  2.0  2.0  2.0
  2.0  2.0  2.0  2.0  2.0  2.0  2.0  2.0  2.0  2.0  2.0  2.0  2.0
  2.0  2.0  2.0  2.0  2.0  2.0  2.0  2.0  2.0  2.0  2.0  2.0  2.0
  2.0  2.0  2.0  2.0  2.0  2.0  2.0  2.0  2.0  2.0  2.0  2.0  2.0
  2.0  2.0  2.0  2.0  2.0  2.0  2.0  2.0  2.0  2.0  2.0  2.0  2.0
  2.0  2.0  2.0  2.0  2.0  2.0  2.0  2.0  2.0  2.0  2.0  2.0  2.0
  2.0  2.0  2.0  2.0  2.0  2.0  2.0  2.0  2.0  2.0  2.0  2.0  2.0
  2.0  2.0  2.0  2.0  2.0  2.0  2.0  2.0  2.0  2.0  2.0  2.0  2.0
  2.0  2.0  2.0  2.0  2.0  2.0  2.0  2.0  2.0  2.0  2.0
                                   OPTIMIZATION DETAILS                           
*********************************************************************************************
Wavefunction Optimization
---------------------------------------------------------------------------------------------
          Minimizer : CONJUGATE_GRADIENT  
          Max Steps :                800
    Gradiant Cutoff :       0.100000E-05
      Energy Cutoff :       0.000000E+00
                            Wavefunction Optimization Starts                            
*********************************************************************************************
 ITER          KS ENERGY            ENERGY CHANGE            MAX. GRAIDENT     CPU TIME (ms)
*********************************************************************************************
#   1        -536.703074            536.703074                0.699133E-01             601.0
#   2        -538.089068              1.385994                0.689301E-01             595.3
#   3        -539.870700              1.781632                0.670977E-01             616.3
#   4        -541.471950              1.601250                0.646472E-01             597.1
#   5        -542.758406              1.286456                0.618167E-01             595.9
#   6        -543.765672              1.007266                0.587733E-01             595.4
#   7        -544.557598              0.791926                0.556270E-01             595.9
#   8        -545.187491              0.629893                0.524559E-01             596.6
#   9        -545.694076              0.506585                0.493203E-01             601.6
#  10        -546.104893              0.410817                0.462674E-01             595.4
#  11        -546.439910              0.335017                0.433333E-01             606.9
#  12        -546.781644              0.341734                0.397939E-01             603.7
#  13        -547.078962              0.297318                0.360763E-01             597.0
#  14        -547.317149              0.238187                0.324524E-01             595.4
#  15        -547.500299              0.183150                0.290610E-01             596.2
#  16        -547.638354              0.138055                0.259596E-01             594.8
#  17        -547.741359              0.103006                0.231644E-01             594.3
#  18        -547.817755              0.076396                0.206712E-01             594.8
#  19        -547.874197              0.056442                0.184644E-01             595.2
#  20        -547.915805              0.041608                0.165218E-01             595.2
#  21        -547.946463              0.030658                0.148171E-01             595.3
#  22        -547.969761              0.023298                0.132721E-01             595.1
#  23        -547.987127              0.017367                0.118926E-01             595.0
#  24        -547.999962              0.012835                0.106686E-01             594.7
#  25        -548.009439              0.009476                0.958348E-02             609.8
#  26        -548.016462              0.007024                0.861858E-02             597.9
#  27        -548.021705              0.005242                0.775653E-02             604.4
#  28        -548.025651              0.003946                0.698229E-02             595.0
#  29        -548.028646              0.002996                0.628356E-02             594.8
#  30        -548.030938              0.002291                0.565080E-02             595.5
#  31        -548.032700              0.001762                0.507690E-02             594.9
#  32        -548.034059              0.001359                0.455666E-02             595.2
#  33        -548.035108              0.001049                0.408623E-02             596.9
#  34        -548.035918              0.000809                0.366243E-02             595.5
#  35        -548.036540              0.000622                0.328231E-02             595.5
#  36        -548.037017              0.000477                0.294283E-02             595.3
#  37        -548.037381              0.000364                0.264074E-02             595.1
#  38        -548.037657              0.000276                0.237264E-02             598.6
#  39        -548.037866              0.000209                0.213509E-02             596.1
#  40        -548.038023              0.000157                0.192467E-02             595.8
#  41        -548.038141              0.000118                0.173813E-02             595.8
#  42        -548.038230              0.000088                0.157242E-02             600.1
#  43        -548.038295              0.000066                0.142472E-02             596.1
#  44        -548.038345              0.000049                0.129249E-02             596.6
#  45        -548.038382              0.000037                0.117347E-02             597.5
#  46        -548.038410              0.000028                0.106576E-02             597.8
#  47        -548.038431              0.000021                0.967729E-03             608.8
#  48        -548.038447              0.000016                0.878096E-03             596.2
#  49        -548.038459              0.000012                0.795829E-03             595.5
#  50        -548.038469              0.000010                0.720141E-03             600.1
#  51        -548.038476              0.000007                0.650418E-03             595.8
#  52        -548.038482              0.000006                0.586204E-03             594.8
#  53        -548.038487              0.000005                0.527130E-03             595.6
#  54        -548.038490              0.000004                0.472911E-03             595.2
#  55        -548.038493              0.000003                0.423299E-03             595.4
#  56        -548.038496              0.000002                0.378078E-03             595.4
#  57        -548.038498              0.000002                0.337039E-03             595.6
#  58        -548.038499              0.000002                0.299971E-03             600.8
#  59        -548.038501              0.000001                0.266641E-03             596.6
#  60        -548.038502              0.000001                0.236812E-03             596.6
#  61        -548.038503              0.000001                0.210220E-03             596.2
#  62        -548.038503              0.000001                0.186599E-03             596.0
#  63        -548.038504              0.000001                0.165675E-03             596.8
#  64        -548.038504              0.000000                0.147176E-03             595.4
#  65        -548.038505              0.000000                0.130845E-03             596.7
#  66        -548.038505              0.000000                0.116438E-03             595.8
#  67        -548.038505              0.000000                0.103722E-03             597.7
#  68        -548.038505              0.000000                0.924917E-04             601.7
#  69        -548.038505              0.000000                0.825530E-04             596.5
#  70        -548.038505              0.000000                0.737447E-04             597.3
#  71        -548.038505              0.000000                0.659187E-04             596.8
#  72        -548.038505              0.000000                0.589466E-04             597.4
#  73        -548.038506              0.000000                0.527230E-04             596.9
#  74        -548.038506              0.000000                0.471587E-04             597.7
#  75        -548.038506              0.000000                0.421750E-04             602.2
#  76        -548.038506              0.000000                0.377037E-04             597.5
#  77        -548.038506              0.000000                0.336910E-04             598.1
#  78        -548.038506              0.000000                0.300844E-04             596.8
#  79        -548.038506              0.000000                0.268434E-04             598.9
#  80        -548.038506              0.000000                0.239291E-04             599.9
#  81        -548.038506              0.000000                0.213081E-04             598.3
#  82        -548.038506              0.000000                0.189538E-04             608.4
#  83        -548.038506              0.000000                0.168373E-04             598.3
#  84        -548.038506              0.000000                0.149370E-04             600.3
#  85        -548.038506              0.000000                0.132324E-04             599.7
#  86        -548.038506              0.000000                0.117038E-04             599.2
#  87        -548.038506              0.000000                0.103368E-04             608.6
#  88        -548.038506              0.000000                0.911364E-05             601.3
#  89        -548.038506              0.000000                0.802260E-05             599.0
#  90        -548.038506              0.000000                0.705216E-05             599.3
#  91        -548.038506              0.000000                0.618692E-05             598.9
#  92        -548.038506              0.000000                0.542053E-05             604.5
#  93        -548.038506              0.000000                0.474338E-05             599.8
#  94        -548.038506              0.000000                0.414296E-05             599.3
#  95        -548.038506              0.000000                0.361508E-05             599.0
#  96        -548.038506              0.000000                0.314965E-05             599.3
#  97        -548.038506              0.000000                0.285443E-05             653.8
#  98        -548.038506              0.000000                0.259586E-05             653.8
#  99        -548.038506              0.000000                0.236037E-05             654.2
# 100        -548.038506              0.000000                0.214575E-05             653.7
# 101        -548.038506              0.000000                0.195019E-05             654.7
# 102        -548.038506              0.000000                0.177197E-05             654.1
# 103        -548.038506              0.000000                0.160964E-05             655.3
# 104        -548.038506              0.000000                0.146156E-05             653.7
# 105        -548.038506              0.000000                0.132668E-05             654.3
# 106        -548.038506              0.000000                0.120387E-05             654.2
# 107        -548.038506              0.000000                0.109188E-05             658.6
# 108        -548.038506              0.000000                0.989887E-06             653.2
*********************************************************************************************
#                  TOTAL ENERGY =    -548.0385056774 A.U.
#                KINETIC ENERGY =     417.3527984972 A.U.
#          ELECTROSTATIC ENERGY =    -366.3106058162 A.U.
#      SELF ENERGY CONTRIBUTION =     404.2615108068 A.U.
#   OVERLAP ENERGY CONTRIBUTION =      25.7249230943 A.U.
#               LOCAL PP ENERGY =    -516.7522056325 A.U.
#           NON LOCAL PP ENERGY =      49.7542980264 A.U.
#   EXCHANGE CORRELATION ENERGY =    -132.0827907522 A.U.
*********************************************************************************************
 Program ended at 07-10-2023, Time : 16:38:16
 Elapsed Time =    1.1665698499999999      min
