              ____        ___    ___  _________    __    __  __  __  ____________ 
            /  __  \     |   \  /   ||   ____  \  |  |  /  /|  ||  ||____    ____|
           /  /  \  \    |    \/    ||  |    \  \ |  | /  / |  ||  |     |  |     
          /  /____\  \   |  |\  /|  ||  |     |  ||  |/  /  |  ||  |     |  |     
         /  ________  \  |  | \/ |  ||  |     |  ||  |\  \  |  ||  |     |  |     
        /  /        \  \ |  |    |  ||  |____/  / |  | \  \ |  ||  |     |  |     
       /__/          \__\|__|    |__||_________/  |__|  \__\|__||__|     |__|     

~~~~~~~~~~~~~~~~~~~~~~~~~~~~~~~~~~~~~~~~~~~~~~~~~~~~~~~~~~~~~~~~~~~~~~~~~~~~~~~~~~~~~~~~~~~~~
     A Plane Wave DFT Program for Ab Initio Dynamics at Higher Rungs of DFT Functionals     
~~~~~~~~~~~~~~~~~~~~~~~~~~~~~~~~~~~~~~~~~~~~~~~~~~~~~~~~~~~~~~~~~~~~~~~~~~~~~~~~~~~~~~~~~~~~~

                                   **  VERSION :1.0.0  **

                          Binary Build date :07-10-2023 06:42:21                                       
*********************************************************************************************
                      Program started at : 07-10-2023, TIME : 07:35:11
*********************************************************************************************
Number of MPI processes =         48
*********************************************************************************************
                                        INPUT DETAILS                                        
*********************************************************************************************
TASK: WAVEFUNCTION_OPTIMIZATION                                                                     
INITIALIZATION:                                                                                     
  OPEN_SHELL: .TRUE.                                                                                
  MULTIPLICITY: 1                                                                                   
OPTIMIZATION:                                                                                       
  WAVEFUNCTION:                                                                                     
    MINIMIZER: CONJUGATE_GRADIENT                                                                   
    MAX_STEPS: 800                                                                                  
    GRAD_CUTOFF: 1.0E-005                                                                           
SYMMETRY: CUBIC                                                                                     
CELL:                                                                                               
  UNIT: ANGSTROM                                                                                    
  DIMENSION:                                                                                        
    - 5.2918                                                                                        
    - 5.2918                                                                                        
    - 5.2918                                                                                        
  ANGLE:                                                                                            
    - 90                                                                                            
    - 90                                                                                            
    - 90                                                                                            
INPUT:                                                                                              
  COORDINATES_FILE: input_coordinate.xyz                                                            
  UNIT: ANGSTROM                                                                                    
SPECIES:                                                                                            
  LABEL1:                                                                                           
    ATOM: O                                                                                         
    PP_FILE: O_MT_LDA.psp                                                                           
    PP_SCHEME: KLEINMAN-BYLANDER                                                                    
    LMAX: P                                                                                         
DFT:                                                                                                
   XC: XC_LDA_XC_TETER93                                                                            
*********************************************************************************************
  does not contain key "CUTOFF".
  does not contain key "OUTPUT".
                                   SIMULATION PARAMETERS                           
*********************************************************************************************
             Wavefunction Cutoff (Ry) =        80.000000
              Density Cutoff (Ry)     =       320.000000
          Exchange Corelation funational
                             Exchange : NONE                
                           Corelation : NONE                
                  Exchange-Corelation : XC_LDA_XC_TETER93   
*********************************************************************************************
                                          SUPERCELL                                          
*********************************************************************************************
Lattice Type = CUBIC                         
Lattice Constant (Bohr) =        10.000053
Cell Volume (Bohr^3)    =      1000.015812
Reciprocal Lattice Vector (2pi Bohr^-1)
B1 =        0.099999        0.000000        0.000000
B2 =        0.000000        0.099999        0.000000
B3 =        0.000000        0.000000        0.099999
*********************************************************************************************
                                          SPECIES                                          
*********************************************************************************************
 TYPE           X               Y              Z     (ANGS)     PSEUDOPOTENTIAL
---------------------------------------------------------------------------------------------
   O        0.0000000       0.0000000       0.0000000O_MT_LDA.psp                     
   O        0.0000000       0.0000000       2.3000121O_MT_LDA.psp                     
*********************************************************************************************

         #Plane waves                                 Local  Dimensions
CPU-ID  PW-CUT DEN-CUT  #X-GRIDS  #Y-GRIDS  #Z-GRIDS   #RAYS(PW)  #RAYS(DEN) #GRIDS(G-SPACE)
     1     127    1013         1        60        60          14          54            3721
     2     127    1017         1        60        60          14          54            3721
     3     127    1017         2        60        60          14          54           11163
     4     127    1013         1        60        60          14          54            3721
     5     131    1015         1        60        60          14          54            3721
     6     131    1011         1        60        60          14          54            3721
     7     131    1013         2        60        60          14          54           11163
     8     131    1011         1        60        60          14          54            3721
     9     131    1013         1        60        60          14          54            3721
    10     129    1015         1        60        60          14          54            3721
    11     127    1013         2        60        60          14          54           11163
    12     129    1013         1        60        60          14          54            3721
    13     129    1013         1        60        60          14          54            3721
    14     127    1013         1        60        60          14          54            3721
    15     127    1013         2        60        60          14          54           11163
    16     127    1015         1        60        60          14          54            3721
    17     127    1013         1        60        60          14          54            3721
    18     127    1013         1        60        60          14          54            3721
    19     127    1013         2        60        60          14          54           11163
    20     127    1015         1        60        60          14          54            3721
    21     127    1013         1        60        60          14          54            3721
    22     127    1013         1        60        60          14          54            3721
    23     127    1011         2        60        60          14          54           11163
    24     125    1011         1        60        60          14          54            3721
    25     125    1013         1        60        60          14          54            3721
    26     125    1013         1        60        60          14          54            3721
    27     123    1011         2        60        60          14          54           11163
    28     123    1011         1        60        60          14          54            3721
    29     123    1011         1        60        60          14          54            3721
    30     123    1007         1        60        60          14          54            3721
    31     123    1005         2        60        60          14          54           11163
    32     123    1007         1        60        60          14          54            3721
    33     123    1007         1        60        60          14          54            3721
    34     122    1006         1        60        60          12          52            3721
    35     122    1006         2        60        60          12          52           11163
    36     122    1006         1        60        60          12          52            3721
    37     122    1004         1        60        60          12          52            3721
    38     122    1006         1        60        60          12          52            3721
    39     122    1006         2        60        60          12          52           11163
    40     122    1006         1        60        60          12          52            3721
    41     122     984         1        60        60          11          51            3721
    42     122    1006         1        60        60          12          52            3721
    43     122    1006         2        60        60          12          52           11163
    44     124    1010         1        60        60          12          52            3721
    45     124    1008         1        60        60          12          52            3721
    46     124    1008         1        60        60          12          52            3721
    47     126    1010         2        60        60          12          52           11163
    48     126    1008         1        60        60          12          52            3721

    Total Number of Valence Electrons =    12
      Total Number of Valence Orbital =    12
                           Occupation = 
  1.0  1.0  1.0  1.0  1.0  1.0  1.0  1.0  1.0  1.0  1.0  1.0
 No. of alpha electrons =           6
 No. of beta electrons =           6
                                   OPTIMIZATION DETAILS                           
*********************************************************************************************
Wavefunction Optimization
---------------------------------------------------------------------------------------------
          Minimizer : CONJUGATE_GRADIENT  
          Max Steps :                800
    Gradiant Cutoff :       0.100000E-04
      Energy Cutoff :       0.000000E+00
                            Wavefunction Optimization Starts                            
*********************************************************************************************
 ITER          KS ENERGY            ENERGY CHANGE            MAX. GRAIDENT     CPU TIME (ms)
*********************************************************************************************
#   1         -31.124264             31.124264                0.564489E-01              31.6
#   2         -31.186778              0.062514                0.531584E-01              29.5
#   3         -31.268179              0.081401                0.482552E-01              35.9
#   4         -31.342583              0.074405                0.429743E-01              51.7
#   5         -31.403395              0.060812                0.379051E-01              46.9
#   6         -31.451761              0.048366                0.332505E-01              31.2
#   7         -31.490330              0.038569                0.290524E-01              26.7
#   8         -31.521418              0.031088                0.252989E-01              26.2
#   9         -31.546749              0.025331                0.219622E-01              26.1
#  10         -31.567562              0.020813                0.190116E-01              26.1
#  11         -31.584758              0.017196                0.164161E-01              26.1
#  12         -31.602431              0.017673                0.135208E-01              26.1
#  13         -31.617902              0.015471                0.107349E-01              26.0
#  14         -31.630426              0.012523                0.826336E-02              26.1
#  15         -31.640188              0.009763                0.617332E-02              26.0
#  16         -31.647643              0.007454                0.446496E-02              26.1
#  17         -31.653245              0.005602                0.374260E-02              26.1
#  18         -31.657392              0.004147                0.317243E-02              26.0
#  19         -31.660416              0.003025                0.267192E-02              26.1
#  20         -31.662595              0.002178                0.224071E-02              26.0
#  21         -31.664149              0.001554                0.189970E-02              26.0
#  22         -31.665283              0.001134                0.161167E-02              26.0
#  23         -31.666088              0.000805                0.135893E-02              26.0
#  24         -31.666650              0.000562                0.114069E-02              26.1
#  25         -31.667038              0.000388                0.954353E-03              26.1
#  26         -31.667303              0.000265                0.796621E-03              26.1
#  27         -31.667484              0.000181                0.664030E-03              26.1
#  28         -31.667606              0.000123                0.553128E-03              26.0
#  29         -31.667689              0.000083                0.460605E-03              26.0
#  30         -31.667746              0.000057                0.383418E-03              26.0
#  31         -31.667785              0.000039                0.318884E-03              26.1
#  32         -31.667811              0.000027                0.264742E-03              26.0
#  33         -31.667830              0.000018                0.219147E-03              26.1
#  34         -31.667842              0.000013                0.180622E-03              26.0
#  35         -31.667852              0.000009                0.147987E-03              26.1
#  36         -31.667858              0.000007                0.124258E-03              26.0
#  37         -31.667863              0.000005                0.117258E-03              26.0
#  38         -31.667866              0.000004                0.116235E-03              26.0
#  39         -31.667869              0.000003                0.114411E-03              26.0
#  40         -31.667871              0.000002                0.111818E-03              26.0
#  41         -31.667873              0.000002                0.108491E-03              26.1
#  42         -31.667874              0.000001                0.104459E-03              26.0
#  43         -31.667875              0.000001                0.997528E-04              26.1
#  44         -31.667877              0.000001                0.944170E-04              26.1
#  45         -31.667877              0.000001                0.885177E-04              26.1
#  46         -31.667878              0.000001                0.821552E-04              26.0
#  47         -31.667879              0.000001                0.754674E-04              26.1
#  48         -31.667880              0.000001                0.686258E-04              26.1
#  49         -31.667880              0.000001                0.618214E-04              26.1
#  50         -31.667881              0.000001                0.552432E-04              26.2
#  51         -31.667881              0.000000                0.490583E-04              25.9
#  52         -31.667882              0.000000                0.433915E-04              26.0
#  53         -31.667882              0.000000                0.383183E-04              26.0
#  54         -31.667882              0.000000                0.338626E-04              26.1
#  55         -31.667882              0.000000                0.300067E-04              26.0
#  56         -31.667883              0.000000                0.267021E-04              26.9
#  57         -31.667883              0.000000                0.238826E-04              26.3
#  58         -31.667883              0.000000                0.214756E-04              26.3
#  59         -31.667883              0.000000                0.194100E-04              26.3
#  60         -31.667883              0.000000                0.176204E-04              26.2
#  61         -31.667883              0.000000                0.160508E-04              26.4
#  62         -31.667883              0.000000                0.146545E-04              26.3
#  63         -31.667883              0.000000                0.133936E-04              26.3
#  64         -31.667883              0.000000                0.122395E-04              26.3
#  65         -31.667883              0.000000                0.111702E-04              26.4
#  66         -31.667883              0.000000                0.101710E-04              26.3
#  67         -31.667883              0.000000                0.923190E-05              26.3
*********************************************************************************************
#                  TOTAL ENERGY =     -31.6678832006 A.U.
#                KINETIC ENERGY =      22.8998534101 A.U.
#          ELECTROSTATIC ENERGY =     -22.4928074475 A.U.
#      SELF ENERGY CONTRIBUTION =      23.9365368241 A.U.
#   OVERLAP ENERGY CONTRIBUTION =       0.8652320962 A.U.
#               LOCAL PP ENERGY =     -28.8718510107 A.U.
#           NON LOCAL PP ENERGY =       3.4116565956 A.U.
#   EXCHANGE CORRELATION ENERGY =      -6.6147347481 A.U.
*********************************************************************************************
 Program ended at 07-10-2023, Time : 07:35:14
 Elapsed Time =    5.5806133333333334E-002 min
